// Jest Snapshot v1, https://goo.gl/fbAQLP

exports[`App rendering test renders the app 1`] = `
<Fragment>
  <Header />
  <Meme />
  <Footer />
</Fragment>
`;
